// Jest Snapshot v1, https://goo.gl/fbAQLP

exports[`when the teamView component is mounted should render with default props 1`] = `
<div>
  <div
    class="govuk-form-group"
  >
    <a
      class="govuk-back-link"
      href="/user-search"
    >
      Back
    </a>
    <div>
      <h1
        class="govuk-heading-xl"
      >
        Manage User
      </h1>
      <p
        class="govuk-body"
      >
        Details Loading...
      </p>
      <div
        class="govuk-!-padding-top-5"
      >
        <button
          class="govuk-button govuk-!-margin-right-1"
          data-module="govuk-button"
          type="submit"
        >
          Amend Details
        </button>
      </div>
      <p
        class="govuk-body"
      >
        Teams Loading...
      </p>
      <button
        class="govuk-button govuk-!-margin-right-1 add-user-members-button"
        data-module="govuk-button"
        type="submit"
      >
        Add teams
      </button>
    </div>
  </div>
</div>
`;
