// Jest Snapshot v1, https://jestjs.io/docs/snapshot-testing

exports[`User Adapter should correctly transform null values 1`] = `
[
  {
    "label": "A (user.a@example.com)",
    "value": 1,
  },
  {
    "label": "User (user.b@example.com)",
    "value": 2,
  },
  {
    "label": "User C (userC)",
    "value": 3,
  },
  {
    "label": "D (userD)",
    "value": 4,
  },
  {
    "label": "User (userE)",
    "value": 5,
  },
  {
    "label": "user.F@example.com",
    "value": 6,
  },
  {
    "label": "userG",
    "value": 7,
  },
  {
    "label": "null Null (null.Null@example.com)",
    "value": 8,
  },
]
`;

exports[`User Adapter should transform and sort user data 1`] = `
[
  {
    "label": "User B (user.b@example.com)",
    "value": 2,
  },
  {
    "label": "User C (user.c@example.com)",
    "value": 3,
  },
]
`;
